// Jest Snapshot v1, https://goo.gl/fbAQLP

exports[`verifying Dashboard to be rendered 1`] = `
<div>
  <div>
    <h1>
      Dashboard
    </h1>
  </div>
</div>
`;
